output_display.c:12:6:display7SEG	16	static
output_display.c:113:6:update7SEG	8	static
output_display.c:146:6:updateTraffic7SEGBuffer	16	static
output_display.c:155:6:single_led_for_RG	8	static
output_display.c:167:6:single_led_for_RA	8	static
output_display.c:179:6:single_led_for_GR	8	static
output_display.c:191:6:single_led_for_AR	8	static
output_display.c:204:6:turn_on_all_single_led	8	static
output_display.c:216:6:turn_off_all_single_led	8	static
output_display.c:229:6:single_led_blink_2Hz	24	static
output_display.c:255:6:display	8	static
