output_display.c:11:6:display7SEG	16	static
output_display.c:112:6:update7SEG	8	static
output_display.c:145:6:updateTraffic7SEGBuffer	16	static
output_display.c:154:6:single_led_for_RG	8	static
output_display.c:166:6:single_led_for_RA	8	static
output_display.c:178:6:single_led_for_GR	8	static
output_display.c:190:6:single_led_for_AR	8	static
output_display.c:203:6:turn_on_all_single_led	8	static
output_display.c:215:6:turn_off_all_single_led	8	static
output_display.c:228:6:single_led_blink_2Hz	24	static
output_display.c:254:6:fsm_for_single_led	8	static
output_display.c:274:6:fsm_for_led_7_seg	8	static
