software_timer.c:13:6:set_timer_1000ms	16	static
software_timer.c:17:9:get_timer_1000ms_flag	4	static
software_timer.c:24:6:set_timer_button_1_500ms	16	static
software_timer.c:28:9:get_timer_button_1_500ms_flag	4	static
software_timer.c:35:6:set_timer_button_2_500ms	16	static
software_timer.c:39:9:get_timer_button_2_500ms_flag	4	static
software_timer.c:46:6:set_timer_blink_single_led	16	static
software_timer.c:50:9:get_timer_blink_single_led_flag	4	static
software_timer.c:59:6:set_timer_sweep_led_7_seg	16	static
software_timer.c:63:9:get_timer_sweep_led_7_seg_flag	4	static
software_timer.c:68:6:timer_run	8	static
