Archive member included to satisfy reference by file (symbol)

c:/st/stm32cubeide_1.7.0/stm32cubeide/plugins/com.st.stm32cube.ide.mcu.externaltools.gnu-tools-for-stm32.9-2020-q2-update.win32_2.0.0.202105311346/tools/bin/../lib/gcc/arm-none-eabi/9.3.1/../../../../arm-none-eabi/lib/thumb/v7-m/nofp\libc_nano.a(lib_a-errno.o)
                              ./Core/Src/syscalls.o (__errno)
c:/st/stm32cubeide_1.7.0/stm32cubeide/plugins/com.st.stm32cube.ide.mcu.externaltools.gnu-tools-for-stm32.9-2020-q2-update.win32_2.0.0.202105311346/tools/bin/../lib/gcc/arm-none-eabi/9.3.1/../../../../arm-none-eabi/lib/thumb/v7-m/nofp\libc_nano.a(lib_a-exit.o)
                              c:/st/stm32cubeide_1.7.0/stm32cubeide/plugins/com.st.stm32cube.ide.mcu.externaltools.gnu-tools-for-stm32.9-2020-q2-update.win32_2.0.0.202105311346/tools/bin/../lib/gcc/arm-none-eabi/9.3.1/../../../../arm-none-eabi/lib/thumb/v7-m/nofp/crt0.o (exit)
c:/st/stm32cubeide_1.7.0/stm32cubeide/plugins/com.st.stm32cube.ide.mcu.externaltools.gnu-tools-for-stm32.9-2020-q2-update.win32_2.0.0.202105311346/tools/bin/../lib/gcc/arm-none-eabi/9.3.1/../../../../arm-none-eabi/lib/thumb/v7-m/nofp\libc_nano.a(lib_a-impure.o)
                              c:/st/stm32cubeide_1.7.0/stm32cubeide/plugins/com.st.stm32cube.ide.mcu.externaltools.gnu-tools-for-stm32.9-2020-q2-update.win32_2.0.0.202105311346/tools/bin/../lib/gcc/arm-none-eabi/9.3.1/../../../../arm-none-eabi/lib/thumb/v7-m/nofp\libc_nano.a(lib_a-exit.o) (_global_impure_ptr)
c:/st/stm32cubeide_1.7.0/stm32cubeide/plugins/com.st.stm32cube.ide.mcu.externaltools.gnu-tools-for-stm32.9-2020-q2-update.win32_2.0.0.202105311346/tools/bin/../lib/gcc/arm-none-eabi/9.3.1/../../../../arm-none-eabi/lib/thumb/v7-m/nofp\libc_nano.a(lib_a-init.o)
                              c:/st/stm32cubeide_1.7.0/stm32cubeide/plugins/com.st.stm32cube.ide.mcu.externaltools.gnu-tools-for-stm32.9-2020-q2-update.win32_2.0.0.202105311346/tools/bin/../lib/gcc/arm-none-eabi/9.3.1/../../../../arm-none-eabi/lib/thumb/v7-m/nofp/crt0.o (__libc_init_array)
c:/st/stm32cubeide_1.7.0/stm32cubeide/plugins/com.st.stm32cube.ide.mcu.externaltools.gnu-tools-for-stm32.9-2020-q2-update.win32_2.0.0.202105311346/tools/bin/../lib/gcc/arm-none-eabi/9.3.1/../../../../arm-none-eabi/lib/thumb/v7-m/nofp\libc_nano.a(lib_a-memset.o)
                              c:/st/stm32cubeide_1.7.0/stm32cubeide/plugins/com.st.stm32cube.ide.mcu.externaltools.gnu-tools-for-stm32.9-2020-q2-update.win32_2.0.0.202105311346/tools/bin/../lib/gcc/arm-none-eabi/9.3.1/../../../../arm-none-eabi/lib/thumb/v7-m/nofp/crt0.o (memset)

Allocating common symbols
Common symbol       size              file

green_duration      0x1               ./Core/Src/fsm_for_input_processing.o
TIMER_DURATION      0x4               ./Core/Src/fsm_for_input_processing.o
timer_hold_button_1_count
                    0x4               ./Core/Src/software_timer.o
uwTick              0x4               ./Drivers/STM32F1xx_HAL_Driver/Src/stm32f1xx_hal.o
pFlash              0x20              ./Drivers/STM32F1xx_HAL_Driver/Src/stm32f1xx_hal_flash.o
traffic_led_7SEG_2  0x1               ./Core/Src/fsm_for_input_processing.o
traffic_state       0x1               ./Core/Src/fsm_for_input_processing.o
timer_hold_button_2_flag
                    0x1               ./Core/Src/software_timer.o
amber_duration      0x1               ./Core/Src/fsm_for_input_processing.o
timer_blink_2Hz_count
                    0x1               ./Core/Src/software_timer.o
timer_hold_button_2_count
                    0x4               ./Core/Src/software_timer.o
timer_1000ms_count  0x4               ./Core/Src/software_timer.o
red_duration        0x1               ./Core/Src/fsm_for_input_processing.o
timer_hold_button_1_flag
                    0x1               ./Core/Src/software_timer.o
htim2               0x48              ./Core/Src/main.o
timer_1000ms_flag   0x1               ./Core/Src/software_timer.o
timer_blink_2Hz_flag
                    0x4               ./Core/Src/software_timer.o
traffic_led_7SEG_1  0x1               ./Core/Src/fsm_for_input_processing.o

Discarded input sections

 .text          0x0000000000000000        0x0 c:/st/stm32cubeide_1.7.0/stm32cubeide/plugins/com.st.stm32cube.ide.mcu.externaltools.gnu-tools-for-stm32.9-2020-q2-update.win32_2.0.0.202105311346/tools/bin/../lib/gcc/arm-none-eabi/9.3.1/thumb/v7-m/nofp/crti.o
 .data          0x0000000000000000        0x0 c:/st/stm32cubeide_1.7.0/stm32cubeide/plugins/com.st.stm32cube.ide.mcu.externaltools.gnu-tools-for-stm32.9-2020-q2-update.win32_2.0.0.202105311346/tools/bin/../lib/gcc/arm-none-eabi/9.3.1/thumb/v7-m/nofp/crti.o
 .bss           0x0000000000000000        0x0 c:/st/stm32cubeide_1.7.0/stm32cubeide/plugins/com.st.stm32cube.ide.mcu.externaltools.gnu-tools-for-stm32.9-2020-q2-update.win32_2.0.0.202105311346/tools/bin/../lib/gcc/arm-none-eabi/9.3.1/thumb/v7-m/nofp/crti.o
[...]
Memory Configuration

Name             Origin             Length             Attributes
RAM              0x0000000020000000 0x0000000000002800 xrw
FLASH            0x0000000008000000 0x0000000000008000 xr
*default*        0x0000000000000000 0xffffffffffffffff

Linker script and memory map

LOAD c:/st/stm32cubeide_1.7.0/stm32cubeide/plugins/com.st.stm32cube.ide.mcu.externaltools.gnu-tools-for-stm32.9-2020-q2-update.win32_2.0.0.202105311346/tools/bin/../lib/gcc/arm-none-eabi/9.3.1/thumb/v7-m/nofp/crti.o
LOAD c:/st/stm32cubeide_1.7.0/stm32cubeide/plugins/com.st.stm32cube.ide.mcu.externaltools.gnu-tools-for-stm32.9-2020-q2-update.win32_2.0.0.202105311346/tools/bin/../lib/gcc/arm-none-eabi/9.3.1/thumb/v7-m/nofp/crtbegin.o
LOAD c:/st/stm32cubeide_1.7.0/stm32cubeide/plugins/com.st.stm32cube.ide.mcu.externaltools.gnu-tools-for-stm32.9-2020-q2-update.win32_2.0.0.202105311346/tools/bin/../lib/gcc/arm-none-eabi/9.3.1/../../../../arm-none-eabi/lib/thumb/v7-m/nofp/crt0.o
LOAD ./Core/Src/fsm_for_input_processing.o
LOAD ./Core/Src/fsm_for_traffic_processing.o
LOAD ./Core/Src/input_reading.o
LOAD ./Core/Src/main.o
LOAD ./Core/Src/output_display.o
LOAD ./Core/Src/software_timer.o
LOAD ./Core/Src/stm32f1xx_hal_msp.o
LOAD ./Core/Src/stm32f1xx_it.o
LOAD ./Core/Src/syscalls.o
LOAD ./Core/Src/sysmem.o
LOAD ./Core/Src/system_stm32f1xx.o
LOAD ./Core/Startup/startup_stm32f103c6tx.o
LOAD ./Drivers/STM32F1xx_HAL_Driver/Src/stm32f1xx_hal.o
LOAD ./Drivers/STM32F1xx_HAL_Driver/Src/stm32f1xx_hal_cortex.o
LOAD ./Drivers/STM32F1xx_HAL_Driver/Src/stm32f1xx_hal_dma.o
LOAD ./Drivers/STM32F1xx_HAL_Driver/Src/stm32f1xx_hal_exti.o
LOAD ./Drivers/STM32F1xx_HAL_Driver/Src/stm32f1xx_hal_flash.o
LOAD ./Drivers/STM32F1xx_HAL_Driver/Src/stm32f1xx_hal_flash_ex.o
LOAD ./Drivers/STM32F1xx_HAL_Driver/Src/stm32f1xx_hal_gpio.o
LOAD ./Drivers/STM32F1xx_HAL_Driver/Src/stm32f1xx_hal_gpio_ex.o
LOAD ./Drivers/STM32F1xx_HAL_Driver/Src/stm32f1xx_hal_pwr.o
LOAD ./Drivers/STM32F1xx_HAL_Driver/Src/stm32f1xx_hal_rcc.o
LOAD ./Drivers/STM32F1xx_HAL_Driver/Src/stm32f1xx_hal_rcc_ex.o
LOAD ./Drivers/STM32F1xx_HAL_Driver/Src/stm32f1xx_hal_tim.o
LOAD ./Drivers/STM32F1xx_HAL_Driver/Src/stm32f1xx_hal_tim_ex.o
START GROUP
LOAD c:/st/stm32cubeide_1.7.0/stm32cubeide/plugins/com.st.stm32cube.ide.mcu.externaltools.gnu-tools-for-stm32.9-2020-q2-update.win32_2.0.0.202105311346/tools/bin/../lib/gcc/arm-none-eabi/9.3.1/../../../../arm-none-eabi/lib/thumb/v7-m/nofp\libc_nano.a
LOAD c:/st/stm32cubeide_1.7.0/stm32cubeide/plugins/com.st.stm32cube.ide.mcu.externaltools.gnu-tools-for-stm32.9-2020-q2-update.win32_2.0.0.202105311346/tools/bin/../lib/gcc/arm-none-eabi/9.3.1/../../../../arm-none-eabi/lib/thumb/v7-m/nofp\libm.a
END GROUP
START GROUP
LOAD c:/st/stm32cubeide_1.7.0/stm32cubeide/plugins/com.st.stm32cube.ide.mcu.externaltools.gnu-tools-for-stm32.9-2020-q2-update.win32_2.0.0.202105311346/tools/bin/../lib/gcc/arm-none-eabi/9.3.1/thumb/v7-m/nofp\libgcc.a
LOAD c:/st/stm32cubeide_1.7.0/stm32cubeide/plugins/com.st.stm32cube.ide.mcu.externaltools.gnu-tools-for-stm32.9-2020-q2-update.win32_2.0.0.202105311346/tools/bin/../lib/gcc/arm-none-eabi/9.3.1/../../../../arm-none-eabi/lib/thumb/v7-m/nofp\libc_nano.a
END GROUP
START GROUP
LOAD c:/st/stm32cubeide_1.7.0/stm32cubeide/plugins/com.st.stm32cube.ide.mcu.externaltools.gnu-tools-for-stm32.9-2020-q2-update.win32_2.0.0.202105311346/tools/bin/../lib/gcc/arm-none-eabi/9.3.1/thumb/v7-m/nofp\libgcc.a
LOAD c:/st/stm32cubeide_1.7.0/stm32cubeide/plugins/com.st.stm32cube.ide.mcu.externaltools.gnu-tools-for-stm32.9-2020-q2-update.win32_2.0.0.202105311346/tools/bin/../lib/gcc/arm-none-eabi/9.3.1/../../../../arm-none-eabi/lib/thumb/v7-m/nofp\libc_nano.a
LOAD c:/st/stm32cubeide_1.7.0/stm32cubeide/plugins/com.st.stm32cube.ide.mcu.externaltools.gnu-tools-for-stm32.9-2020-q2-update.win32_2.0.0.202105311346/tools/bin/../lib/gcc/arm-none-eabi/9.3.1/../../../../arm-none-eabi/lib/thumb/v7-m/nofp\libnosys.a
END GROUP
START GROUP
LOAD c:/st/stm32cubeide_1.7.0/stm32cubeide/plugins/com.st.stm32cube.ide.mcu.externaltools.gnu-tools-for-stm32.9-2020-q2-update.win32_2.0.0.202105311346/tools/bin/../lib/gcc/arm-none-eabi/9.3.1/thumb/v7-m/nofp\libgcc.a
LOAD c:/st/stm32cubeide_1.7.0/stm32cubeide/plugins/com.st.stm32cube.ide.mcu.externaltools.gnu-tools-for-stm32.9-2020-q2-update.win32_2.0.0.202105311346/tools/bin/../lib/gcc/arm-none-eabi/9.3.1/../../../../arm-none-eabi/lib/thumb/v7-m/nofp\libc_nano.a
LOAD c:/st/stm32cubeide_1.7.0/stm32cubeide/plugins/com.st.stm32cube.ide.mcu.externaltools.gnu-tools-for-stm32.9-2020-q2-update.win32_2.0.0.202105311346/tools/bin/../lib/gcc/arm-none-eabi/9.3.1/../../../../arm-none-eabi/lib/thumb/v7-m/nofp\libnosys.a
END GROUP
LOAD c:/st/stm32cubeide_1.7.0/stm32cubeide/plugins/com.st.stm32cube.ide.mcu.externaltools.gnu-tools-for-stm32.9-2020-q2-update.win32_2.0.0.202105311346/tools/bin/../lib/gcc/arm-none-eabi/9.3.1/thumb/v7-m/nofp/crtend.o
LOAD c:/st/stm32cubeide_1.7.0/stm32cubeide/plugins/com.st.stm32cube.ide.mcu.externaltools.gnu-tools-for-stm32.9-2020-q2-update.win32_2.0.0.202105311346/tools/bin/../lib/gcc/arm-none-eabi/9.3.1/thumb/v7-m/nofp/crtn.o
                0x0000000020002800                _estack = (ORIGIN (RAM) + LENGTH (RAM))
                0x0000000000000200                _Min_Heap_Size = 0x200
                0x0000000000000400                _Min_Stack_Size = 0x400

.isr_vector     0x0000000008000000      0x10c
                0x0000000008000000                . = ALIGN (0x4)
 *(.isr_vector)
 .isr_vector    0x0000000008000000      0x10c ./Core/Startup/startup_stm32f103c6tx.o
                0x0000000008000000                g_pfnVectors
                0x000000000800010c                . = ALIGN (0x4)

.text           0x000000000800010c     0x275c
                0x000000000800010c                . = ALIGN (0x4)
 *(.text)
 .text          0x000000000800010c       0x40 c:/st/stm32cubeide_1.7.0/stm32cubeide/plugins/com.st.stm32cube.ide.mcu.externaltools.gnu-tools-for-stm32.9-2020-q2-update.win32_2.0.0.202105311346/tools/bin/../lib/gcc/arm-none-eabi/9.3.1/thumb/v7-m/nofp/crtbegin.o
 *(.text*)
 .text.fsm_for_input_1_processing
                0x000000000800014c       0xbc ./Core/Src/fsm_for_input_processing.o
                0x000000000800014c                fsm_for_input_1_processing
 .text.fsm_for_input_2_processing
                0x0000000008000208       0xbc ./Core/Src/fsm_for_input_processing.o
                0x0000000008000208                fsm_for_input_2_processing
 .text.fsm_for_input_3_processing
                0x00000000080002c4       0x4c ./Core/Src/fsm_for_input_processing.o
                0x00000000080002c4                fsm_for_input_3_processing
 .text.update_traffic_state_using_button_1
                0x0000000008000310       0x48 ./Core/Src/fsm_for_traffic_processing.o
                0x0000000008000310                update_traffic_state_using_button_1
 .text.increase_red_duration
                0x0000000008000358       0x28 ./Core/Src/fsm_for_traffic_processing.o
                0x0000000008000358                increase_red_duration
 .text.set_red_duration
                0x0000000008000380       0x1c ./Core/Src/fsm_for_traffic_processing.o
                0x0000000008000380                set_red_duration
 .text.execute_button_2
                0x000000000800039c       0x34 ./Core/Src/fsm_for_traffic_processing.o
                0x000000000800039c                execute_button_2
 .text.execute_button_3
                0x00000000080003d0       0x34 ./Core/Src/fsm_for_traffic_processing.o
                0x00000000080003d0                execute_button_3
 .text.button_reading
                0x0000000008000404       0xd0 ./Core/Src/input_reading.o
                0x0000000008000404                button_reading
 .text.is_button_pressed
                0x00000000080004d4       0x34 ./Core/Src/input_reading.o
                0x00000000080004d4                is_button_pressed
 .text.is_button_pressed_1s
                0x0000000008000508       0x34 ./Core/Src/input_reading.o
                0x0000000008000508                is_button_pressed_1s
 .text.main     0x000000000800053c       0x74 ./Core/Src/main.o
                0x000000000800053c                main
 .text.SystemClock_Config
                0x00000000080005b0       0x76 ./Core/Src/main.o
                0x00000000080005b0                SystemClock_Config
 *fill*         0x0000000008000626        0x2 
 .text.MX_TIM2_Init
                0x0000000008000628       0xc8 ./Core/Src/main.o
 .text.MX_GPIO_Init
                0x00000000080006f0       0xc4 ./Core/Src/main.o
 .text.HAL_TIM_PeriodElapsedCallback
                0x00000000080007b4       0x1c ./Core/Src/main.o
                0x00000000080007b4                HAL_TIM_PeriodElapsedCallback
 .text.Error_Handler
                0x00000000080007d0        0xa ./Core/Src/main.o
                0x00000000080007d0                Error_Handler
 *fill*         0x00000000080007da        0x2 
 .text.display7SEG
                0x00000000080007dc      0x320 ./Core/Src/output_display.o
                0x00000000080007dc                display7SEG
 .text.update7SEG
                0x0000000008000afc      0x110 ./Core/Src/output_display.o
                0x0000000008000afc                update7SEG
 .text.updateTraffic7SEGBuffer
                0x0000000008000c0c       0x80 ./Core/Src/output_display.o
                0x0000000008000c0c                updateTraffic7SEGBuffer
 .text.single_led_for_RG
                0x0000000008000c8c       0x48 ./Core/Src/output_display.o
                0x0000000008000c8c                single_led_for_RG
 .text.single_led_for_RA
                0x0000000008000cd4       0x48 ./Core/Src/output_display.o
                0x0000000008000cd4                single_led_for_RA
 .text.single_led_for_GR
                0x0000000008000d1c       0x48 ./Core/Src/output_display.o
                0x0000000008000d1c                single_led_for_GR
 .text.single_led_for_AR
                0x0000000008000d64       0x48 ./Core/Src/output_display.o
                0x0000000008000d64                single_led_for_AR
 .text.turn_on_all_single_led
                0x0000000008000dac       0x48 ./Core/Src/output_display.o
                0x0000000008000dac                turn_on_all_single_led
 .text.turn_off_all_single_led
                0x0000000008000df4       0x48 ./Core/Src/output_display.o
                0x0000000008000df4                turn_off_all_single_led
 .text.single_led_blink_2Hz
                0x0000000008000e3c       0x7c ./Core/Src/output_display.o
                0x0000000008000e3c                single_led_blink_2Hz
 .text.display  0x0000000008000eb8       0xd0 ./Core/Src/output_display.o
                0x0000000008000eb8                display
 .text.set_timer_1000ms
                0x0000000008000f88       0x28 ./Core/Src/software_timer.o
                0x0000000008000f88                set_timer_1000ms
 .text.set_timer_hold_button_1
                0x0000000008000fb0       0x28 ./Core/Src/software_timer.o
                0x0000000008000fb0                set_timer_hold_button_1
 .text.get_timer_hold_button_1_flag
                0x0000000008000fd8       0x14 ./Core/Src/software_timer.o
                0x0000000008000fd8                get_timer_hold_button_1_flag
 .text.set_timer_hold_button_2
                0x0000000008000fec       0x28 ./Core/Src/software_timer.o
                0x0000000008000fec                set_timer_hold_button_2
 .text.get_timer_hold_button_2_flag
                0x0000000008001014       0x14 ./Core/Src/software_timer.o
                0x0000000008001014                get_timer_hold_button_2_flag
 .text.set_timer_blink_2Hz
                0x0000000008001028       0x28 ./Core/Src/software_timer.o
                0x0000000008001028                set_timer_blink_2Hz
 .text.get_timer_blink_2Hz_flag
                0x0000000008001050       0x18 ./Core/Src/software_timer.o
                0x0000000008001050                get_timer_blink_2Hz_flag
 .text.timer_run
                0x0000000008001068       0x6c ./Core/Src/software_timer.o
                0x0000000008001068                timer_run
 .text.HAL_MspInit
                0x00000000080010d4       0x64 ./Core/Src/stm32f1xx_hal_msp.o
                0x00000000080010d4                HAL_MspInit
 .text.HAL_TIM_Base_MspInit
                0x0000000008001138       0x48 ./Core/Src/stm32f1xx_hal_msp.o
                0x0000000008001138                HAL_TIM_Base_MspInit
 .text.NMI_Handler
                0x0000000008001180        0x6 ./Core/Src/stm32f1xx_it.o
                0x0000000008001180                NMI_Handler
 .text.HardFault_Handler
                0x0000000008001186        0x6 ./Core/Src/stm32f1xx_it.o
                0x0000000008001186                HardFault_Handler
 .text.MemManage_Handler
                0x000000000800118c        0x6 ./Core/Src/stm32f1xx_it.o
                0x000000000800118c                MemManage_Handler
 .text.BusFault_Handler
                0x0000000008001192        0x6 ./Core/Src/stm32f1xx_it.o
                0x0000000008001192                BusFault_Handler
 .text.UsageFault_Handler
                0x0000000008001198        0x6 ./Core/Src/stm32f1xx_it.o
                0x0000000008001198                UsageFault_Handler
 .text.SVC_Handler
                0x000000000800119e        0xc ./Core/Src/stm32f1xx_it.o
                0x000000000800119e                SVC_Handler
 .text.DebugMon_Handler
                0x00000000080011aa        0xc ./Core/Src/stm32f1xx_it.o
                0x00000000080011aa                DebugMon_Handler
 .text.PendSV_Handler
                0x00000000080011b6        0xc ./Core/Src/stm32f1xx_it.o
                0x00000000080011b6                PendSV_Handler
 .text.SysTick_Handler
                0x00000000080011c2        0xc ./Core/Src/stm32f1xx_it.o
                0x00000000080011c2                SysTick_Handler
 *fill*         0x00000000080011ce        0x2 
 .text.TIM2_IRQHandler
                0x00000000080011d0       0x14 ./Core/Src/stm32f1xx_it.o
                0x00000000080011d0                TIM2_IRQHandler
 .text.SystemInit
                0x00000000080011e4        0xc ./Core/Src/system_stm32f1xx.o
                0x00000000080011e4                SystemInit
 .text.Reset_Handler
                0x00000000080011f0       0x48 ./Core/Startup/startup_stm32f103c6tx.o
                0x00000000080011f0                Reset_Handler
 .text.Default_Handler
                0x0000000008001238        0x2 ./Core/Startup/startup_stm32f103c6tx.o
                0x0000000008001238                RTC_Alarm_IRQHandler
                0x0000000008001238                EXTI2_IRQHandler
                0x0000000008001238                TIM1_CC_IRQHandler
                0x0000000008001238                PVD_IRQHandler
                0x0000000008001238                EXTI3_IRQHandler
                0x0000000008001238                EXTI0_IRQHandler
                0x0000000008001238                ADC1_2_IRQHandler
                0x0000000008001238                SPI1_IRQHandler
                0x0000000008001238                TAMPER_IRQHandler
                0x0000000008001238                DMA1_Channel4_IRQHandler
                0x0000000008001238                RTC_IRQHandler
                0x0000000008001238                DMA1_Channel7_IRQHandler
                0x0000000008001238                CAN1_RX1_IRQHandler
                0x0000000008001238                I2C1_EV_IRQHandler
                0x0000000008001238                DMA1_Channel6_IRQHandler
                0x0000000008001238                TIM3_IRQHandler
                0x0000000008001238                RCC_IRQHandler
                0x0000000008001238                TIM1_TRG_COM_IRQHandler
                0x0000000008001238                DMA1_Channel1_IRQHandler
                0x0000000008001238                Default_Handler
                0x0000000008001238                EXTI15_10_IRQHandler
                0x0000000008001238                EXTI9_5_IRQHandler
                0x0000000008001238                DMA1_Channel5_IRQHandler
                0x0000000008001238                EXTI4_IRQHandler
                0x0000000008001238                USB_LP_CAN1_RX0_IRQHandler
                0x0000000008001238                USB_HP_CAN1_TX_IRQHandler
                0x0000000008001238                DMA1_Channel3_IRQHandler
                0x0000000008001238                TIM1_UP_IRQHandler
                0x0000000008001238                WWDG_IRQHandler
                0x0000000008001238                TIM1_BRK_IRQHandler
                0x0000000008001238                EXTI1_IRQHandler
                0x0000000008001238                USART2_IRQHandler
                0x0000000008001238                DMA1_Channel2_IRQHandler
                0x0000000008001238                CAN1_SCE_IRQHandler
                0x0000000008001238                FLASH_IRQHandler
                0x0000000008001238                USART1_IRQHandler
                0x0000000008001238                I2C1_ER_IRQHandler
                0x0000000008001238                USBWakeUp_IRQHandler
 *fill*         0x000000000800123a        0x2 
 .text.HAL_Init
                0x000000000800123c       0x2c ./Drivers/STM32F1xx_HAL_Driver/Src/stm32f1xx_hal.o
                0x000000000800123c                HAL_Init
 .text.HAL_InitTick
                0x0000000008001268       0x60 ./Drivers/STM32F1xx_HAL_Driver/Src/stm32f1xx_hal.o
                0x0000000008001268                HAL_InitTick
 .text.HAL_IncTick
                0x00000000080012c8       0x24 ./Drivers/STM32F1xx_HAL_Driver/Src/stm32f1xx_hal.o
                0x00000000080012c8                HAL_IncTick
 .text.HAL_GetTick
                0x00000000080012ec       0x14 ./Drivers/STM32F1xx_HAL_Driver/Src/stm32f1xx_hal.o
                0x00000000080012ec                HAL_GetTick
 .text.__NVIC_SetPriorityGrouping
                0x0000000008001300       0x48 ./Drivers/STM32F1xx_HAL_Driver/Src/stm32f1xx_hal_cortex.o
 .text.__NVIC_GetPriorityGrouping
                0x0000000008001348       0x1c ./Drivers/STM32F1xx_HAL_Driver/Src/stm32f1xx_hal_cortex.o
 .text.__NVIC_EnableIRQ
                0x0000000008001364       0x38 ./Drivers/STM32F1xx_HAL_Driver/Src/stm32f1xx_hal_cortex.o
 .text.__NVIC_SetPriority
                0x000000000800139c       0x54 ./Drivers/STM32F1xx_HAL_Driver/Src/stm32f1xx_hal_cortex.o
 .text.NVIC_EncodePriority
                0x00000000080013f0       0x64 ./Drivers/STM32F1xx_HAL_Driver/Src/stm32f1xx_hal_cortex.o
 .text.SysTick_Config
                0x0000000008001454       0x44 ./Drivers/STM32F1xx_HAL_Driver/Src/stm32f1xx_hal_cortex.o
 .text.HAL_NVIC_SetPriorityGrouping
                0x0000000008001498       0x16 ./Drivers/STM32F1xx_HAL_Driver/Src/stm32f1xx_hal_cortex.o
                0x0000000008001498                HAL_NVIC_SetPriorityGrouping
 .text.HAL_NVIC_SetPriority
                0x00000000080014ae       0x38 ./Drivers/STM32F1xx_HAL_Driver/Src/stm32f1xx_hal_cortex.o
                0x00000000080014ae                HAL_NVIC_SetPriority
 .text.HAL_NVIC_EnableIRQ
                0x00000000080014e6       0x1c ./Drivers/STM32F1xx_HAL_Driver/Src/stm32f1xx_hal_cortex.o
                0x00000000080014e6                HAL_NVIC_EnableIRQ
 .text.HAL_SYSTICK_Config
                0x0000000008001502       0x18 ./Drivers/STM32F1xx_HAL_Driver/Src/stm32f1xx_hal_cortex.o
                0x0000000008001502                HAL_SYSTICK_Config
 *fill*         0x000000000800151a        0x2 
 .text.HAL_GPIO_Init
                0x000000000800151c      0x2f4 ./Drivers/STM32F1xx_HAL_Driver/Src/stm32f1xx_hal_gpio.o
                0x000000000800151c                HAL_GPIO_Init
 .text.HAL_GPIO_ReadPin
                0x0000000008001810       0x2e ./Drivers/STM32F1xx_HAL_Driver/Src/stm32f1xx_hal_gpio.o
                0x0000000008001810                HAL_GPIO_ReadPin
 .text.HAL_GPIO_WritePin
                0x000000000800183e       0x30 ./Drivers/STM32F1xx_HAL_Driver/Src/stm32f1xx_hal_gpio.o
                0x000000000800183e                HAL_GPIO_WritePin
 *fill*         0x000000000800186e        0x2 
 .text.HAL_RCC_OscConfig
                0x0000000008001870      0x500 ./Drivers/STM32F1xx_HAL_Driver/Src/stm32f1xx_hal_rcc.o
                0x0000000008001870                HAL_RCC_OscConfig
 .text.HAL_RCC_ClockConfig
                0x0000000008001d70      0x1d4 ./Drivers/STM32F1xx_HAL_Driver/Src/stm32f1xx_hal_rcc.o
                0x0000000008001d70                HAL_RCC_ClockConfig
 .text.HAL_RCC_GetSysClockFreq
                0x0000000008001f44       0xa8 ./Drivers/STM32F1xx_HAL_Driver/Src/stm32f1xx_hal_rcc.o
                0x0000000008001f44                HAL_RCC_GetSysClockFreq
 .text.RCC_Delay
                0x0000000008001fec       0x3c ./Drivers/STM32F1xx_HAL_Driver/Src/stm32f1xx_hal_rcc.o
 .text.HAL_TIM_Base_Init
                0x0000000008002028       0x9e ./Drivers/STM32F1xx_HAL_Driver/Src/stm32f1xx_hal_tim.o
                0x0000000008002028                HAL_TIM_Base_Init
 *fill*         0x00000000080020c6        0x2 
 .text.HAL_TIM_Base_Start_IT
                0x00000000080020c8       0x98 ./Drivers/STM32F1xx_HAL_Driver/Src/stm32f1xx_hal_tim.o
                0x00000000080020c8                HAL_TIM_Base_Start_IT
 .text.HAL_TIM_IRQHandler
                0x0000000008002160      0x210 ./Drivers/STM32F1xx_HAL_Driver/Src/stm32f1xx_hal_tim.o
                0x0000000008002160                HAL_TIM_IRQHandler
 .text.HAL_TIM_ConfigClockSource
                0x0000000008002370      0x18e ./Drivers/STM32F1xx_HAL_Driver/Src/stm32f1xx_hal_tim.o
                0x0000000008002370                HAL_TIM_ConfigClockSource
 .text.HAL_TIM_OC_DelayElapsedCallback
                0x00000000080024fe       0x12 ./Drivers/STM32F1xx_HAL_Driver/Src/stm32f1xx_hal_tim.o
                0x00000000080024fe                HAL_TIM_OC_DelayElapsedCallback
 .text.HAL_TIM_IC_CaptureCallback
                0x0000000008002510       0x12 ./Drivers/STM32F1xx_HAL_Driver/Src/stm32f1xx_hal_tim.o
                0x0000000008002510                HAL_TIM_IC_CaptureCallback
 .text.HAL_TIM_PWM_PulseFinishedCallback
                0x0000000008002522       0x12 ./Drivers/STM32F1xx_HAL_Driver/Src/stm32f1xx_hal_tim.o
                0x0000000008002522                HAL_TIM_PWM_PulseFinishedCallback
 .text.HAL_TIM_TriggerCallback
                0x0000000008002534       0x12 ./Drivers/STM32F1xx_HAL_Driver/Src/stm32f1xx_hal_tim.o
                0x0000000008002534                HAL_TIM_TriggerCallback
 *fill*         0x0000000008002546        0x2 
 .text.TIM_Base_SetConfig
                0x0000000008002548       0xb0 ./Drivers/STM32F1xx_HAL_Driver/Src/stm32f1xx_hal_tim.o
                0x0000000008002548                TIM_Base_SetConfig
 .text.TIM_TI1_ConfigInputStage
                0x00000000080025f8       0x5c ./Drivers/STM32F1xx_HAL_Driver/Src/stm32f1xx_hal_tim.o
 .text.TIM_TI2_ConfigInputStage
                0x0000000008002654       0x5e ./Drivers/STM32F1xx_HAL_Driver/Src/stm32f1xx_hal_tim.o
 .text.TIM_ITRx_SetConfig
                0x00000000080026b2       0x34 ./Drivers/STM32F1xx_HAL_Driver/Src/stm32f1xx_hal_tim.o
 .text.TIM_ETR_SetConfig
                0x00000000080026e6       0x3e ./Drivers/STM32F1xx_HAL_Driver/Src/stm32f1xx_hal_tim.o
                0x00000000080026e6                TIM_ETR_SetConfig
 .text.HAL_TIMEx_MasterConfigSynchronization
                0x0000000008002724       0xb0 ./Drivers/STM32F1xx_HAL_Driver/Src/stm32f1xx_hal_tim_ex.o
                0x0000000008002724                HAL_TIMEx_MasterConfigSynchronization
 .text.HAL_TIMEx_CommutCallback
                0x00000000080027d4       0x12 ./Drivers/STM32F1xx_HAL_Driver/Src/stm32f1xx_hal_tim_ex.o
                0x00000000080027d4                HAL_TIMEx_CommutCallback
 .text.HAL_TIMEx_BreakCallback
                0x00000000080027e6       0x12 ./Drivers/STM32F1xx_HAL_Driver/Src/stm32f1xx_hal_tim_ex.o
                0x00000000080027e6                HAL_TIMEx_BreakCallback
 .text.__libc_init_array
                0x00000000080027f8       0x48 c:/st/stm32cubeide_1.7.0/stm32cubeide/plugins/com.st.stm32cube.ide.mcu.externaltools.gnu-tools-for-stm32.9-2020-q2-update.win32_2.0.0.202105311346/tools/bin/../lib/gcc/arm-none-eabi/9.3.1/../../../../arm-none-eabi/lib/thumb/v7-m/nofp\libc_nano.a(lib_a-init.o)
                0x00000000080027f8                __libc_init_array
 .text.memset   0x0000000008002840       0x10 c:/st/stm32cubeide_1.7.0/stm32cubeide/plugins/com.st.stm32cube.ide.mcu.externaltools.gnu-tools-for-stm32.9-2020-q2-update.win32_2.0.0.202105311346/tools/bin/../lib/gcc/arm-none-eabi/9.3.1/../../../../arm-none-eabi/lib/thumb/v7-m/nofp\libc_nano.a(lib_a-memset.o)
                0x0000000008002840                memset
 *(.glue_7)
 .glue_7        0x0000000008002850        0x0 linker stubs
 *(.glue_7t)
 .glue_7t       0x0000000008002850        0x0 linker stubs
 *(.eh_frame)
 .eh_frame      0x0000000008002850        0x0 c:/st/stm32cubeide_1.7.0/stm32cubeide/plugins/com.st.stm32cube.ide.mcu.externaltools.gnu-tools-for-stm32.9-2020-q2-update.win32_2.0.0.202105311346/tools/bin/../lib/gcc/arm-none-eabi/9.3.1/thumb/v7-m/nofp/crtbegin.o
 *(.init)
 .init          0x0000000008002850        0x4 c:/st/stm32cubeide_1.7.0/stm32cubeide/plugins/com.st.stm32cube.ide.mcu.externaltools.gnu-tools-for-stm32.9-2020-q2-update.win32_2.0.0.202105311346/tools/bin/../lib/gcc/arm-none-eabi/9.3.1/thumb/v7-m/nofp/crti.o
                0x0000000008002850                _init
 .init          0x0000000008002854        0x8 c:/st/stm32cubeide_1.7.0/stm32cubeide/plugins/com.st.stm32cube.ide.mcu.externaltools.gnu-tools-for-stm32.9-2020-q2-update.win32_2.0.0.202105311346/tools/bin/../lib/gcc/arm-none-eabi/9.3.1/thumb/v7-m/nofp/crtn.o
 *(.fini)
 .fini          0x000000000800285c        0x4 c:/st/stm32cubeide_1.7.0/stm32cubeide/plugins/com.st.stm32cube.ide.mcu.externaltools.gnu-tools-for-stm32.9-2020-q2-update.win32_2.0.0.202105311346/tools/bin/../lib/gcc/arm-none-eabi/9.3.1/thumb/v7-m/nofp/crti.o
                0x000000000800285c                _fini
 .fini          0x0000000008002860        0x8 c:/st/stm32cubeide_1.7.0/stm32cubeide/plugins/com.st.stm32cube.ide.mcu.externaltools.gnu-tools-for-stm32.9-2020-q2-update.win32_2.0.0.202105311346/tools/bin/../lib/gcc/arm-none-eabi/9.3.1/thumb/v7-m/nofp/crtn.o
                0x0000000008002868                . = ALIGN (0x4)
                0x0000000008002868                _etext = .

.vfp11_veneer   0x0000000008002868        0x0
 .vfp11_veneer  0x0000000008002868        0x0 linker stubs

.v4_bx          0x0000000008002868        0x0
 .v4_bx         0x0000000008002868        0x0 linker stubs

.iplt           0x0000000008002868        0x0
 .iplt          0x0000000008002868        0x0 c:/st/stm32cubeide_1.7.0/stm32cubeide/plugins/com.st.stm32cube.ide.mcu.externaltools.gnu-tools-for-stm32.9-2020-q2-update.win32_2.0.0.202105311346/tools/bin/../lib/gcc/arm-none-eabi/9.3.1/thumb/v7-m/nofp/crtbegin.o

.rodata         0x0000000008002868       0x24
                0x0000000008002868                . = ALIGN (0x4)
 *(.rodata)
 *(.rodata*)
 .rodata.AHBPrescTable
                0x0000000008002868       0x10 ./Core/Src/system_stm32f1xx.o
                0x0000000008002868                AHBPrescTable
 .rodata.aPLLMULFactorTable.6032
                0x0000000008002878       0x10 ./Drivers/STM32F1xx_HAL_Driver/Src/stm32f1xx_hal_rcc.o
 .rodata.aPredivFactorTable.6033
                0x0000000008002888        0x2 ./Drivers/STM32F1xx_HAL_Driver/Src/stm32f1xx_hal_rcc.o
                0x000000000800288c                . = ALIGN (0x4)
 *fill*         0x000000000800288a        0x2 

.rel.dyn        0x000000000800288c        0x0
 .rel.iplt      0x000000000800288c        0x0 c:/st/stm32cubeide_1.7.0/stm32cubeide/plugins/com.st.stm32cube.ide.mcu.externaltools.gnu-tools-for-stm32.9-2020-q2-update.win32_2.0.0.202105311346/tools/bin/../lib/gcc/arm-none-eabi/9.3.1/thumb/v7-m/nofp/crtbegin.o

.ARM.extab      0x000000000800288c        0x0
                0x000000000800288c                . = ALIGN (0x4)
 *(.ARM.extab* .gnu.linkonce.armextab.*)
                0x000000000800288c                . = ALIGN (0x4)

.ARM            0x000000000800288c        0x0
                0x000000000800288c                . = ALIGN (0x4)
                0x000000000800288c                __exidx_start = .
 *(.ARM.exidx*)
                0x000000000800288c                __exidx_end = .
                0x000000000800288c                . = ALIGN (0x4)

.preinit_array  0x000000000800288c        0x0
                0x000000000800288c                . = ALIGN (0x4)
                0x000000000800288c                PROVIDE (__preinit_array_start = .)
 *(.preinit_array*)
                0x000000000800288c                PROVIDE (__preinit_array_end = .)
                0x000000000800288c                . = ALIGN (0x4)

.init_array     0x000000000800288c        0x4
                0x000000000800288c                . = ALIGN (0x4)
                0x000000000800288c                PROVIDE (__init_array_start = .)
 *(SORT_BY_NAME(.init_array.*))
 *(.init_array*)
 .init_array    0x000000000800288c        0x4 c:/st/stm32cubeide_1.7.0/stm32cubeide/plugins/com.st.stm32cube.ide.mcu.externaltools.gnu-tools-for-stm32.9-2020-q2-update.win32_2.0.0.202105311346/tools/bin/../lib/gcc/arm-none-eabi/9.3.1/thumb/v7-m/nofp/crtbegin.o
                0x0000000008002890                PROVIDE (__init_array_end = .)
                0x0000000008002890                . = ALIGN (0x4)

.fini_array     0x0000000008002890        0x4
                0x0000000008002890                . = ALIGN (0x4)
                [!provide]                        PROVIDE (__fini_array_start = .)
 *(SORT_BY_NAME(.fini_array.*))
 *(.fini_array*)
 .fini_array    0x0000000008002890        0x4 c:/st/stm32cubeide_1.7.0/stm32cubeide/plugins/com.st.stm32cube.ide.mcu.externaltools.gnu-tools-for-stm32.9-2020-q2-update.win32_2.0.0.202105311346/tools/bin/../lib/gcc/arm-none-eabi/9.3.1/thumb/v7-m/nofp/crtbegin.o
                [!provide]                        PROVIDE (__fini_array_end = .)
                0x0000000008002894                . = ALIGN (0x4)
                0x0000000008002894                _sidata = LOADADDR (.data)

.data           0x0000000020000000       0x1c load address 0x0000000008002894
                0x0000000020000000                . = ALIGN (0x4)
                0x0000000020000000                _sdata = .
 *(.data)
 *(.data*)
 .data.led_buffer
                0x0000000020000000       0x10 ./Core/Src/output_display.o
                0x0000000020000000                led_buffer
 .data.SystemCoreClock
                0x0000000020000010        0x4 ./Core/Src/system_stm32f1xx.o
                0x0000000020000010                SystemCoreClock
 .data.uwTickPrio
                0x0000000020000014        0x4 ./Drivers/STM32F1xx_HAL_Driver/Src/stm32f1xx_hal.o
                0x0000000020000014                uwTickPrio
 .data.uwTickFreq
                0x0000000020000018        0x1 ./Drivers/STM32F1xx_HAL_Driver/Src/stm32f1xx_hal.o
                0x0000000020000018                uwTickFreq
 *(.RamFunc)
 *(.RamFunc*)
                0x000000002000001c                . = ALIGN (0x4)
 *fill*         0x0000000020000019        0x3 
                0x000000002000001c                _edata = .

.igot.plt       0x000000002000001c        0x0 load address 0x00000000080028b0
 .igot.plt      0x000000002000001c        0x0 c:/st/stm32cubeide_1.7.0/stm32cubeide/plugins/com.st.stm32cube.ide.mcu.externaltools.gnu-tools-for-stm32.9-2020-q2-update.win32_2.0.0.202105311346/tools/bin/../lib/gcc/arm-none-eabi/9.3.1/thumb/v7-m/nofp/crtbegin.o
                0x000000002000001c                . = ALIGN (0x4)

.bss            0x000000002000001c       0xb4 load address 0x00000000080028b0
                0x000000002000001c                _sbss = .
                0x000000002000001c                __bss_start__ = _sbss
 *(.bss)
 .bss           0x000000002000001c       0x1c c:/st/stm32cubeide_1.7.0/stm32cubeide/plugins/com.st.stm32cube.ide.mcu.externaltools.gnu-tools-for-stm32.9-2020-q2-update.win32_2.0.0.202105311346/tools/bin/../lib/gcc/arm-none-eabi/9.3.1/thumb/v7-m/nofp/crtbegin.o
 *(.bss*)
 .bss.buttonState
                0x0000000020000038        0x3 ./Core/Src/fsm_for_input_processing.o
                0x0000000020000038                buttonState
 *fill*         0x000000002000003b        0x1 
 .bss.buttonBuffer
                0x000000002000003c        0x3 ./Core/Src/input_reading.o
 *fill*         0x000000002000003f        0x1 
 .bss.debounceButtonBuffer1
                0x0000000020000040        0x3 ./Core/Src/input_reading.o
 *fill*         0x0000000020000043        0x1 
 .bss.debounceButtonBuffer2
                0x0000000020000044        0x3 ./Core/Src/input_reading.o
 *fill*         0x0000000020000047        0x1 
 .bss.flagForButtonPress1s
                0x0000000020000048        0x3 ./Core/Src/input_reading.o
 *fill*         0x000000002000004b        0x1 
 .bss.counterForButtonPress1s
                0x000000002000004c        0x6 ./Core/Src/input_reading.o
 *fill*         0x0000000020000052        0x2 
 .bss.index_led
                0x0000000020000054        0x4 ./Core/Src/output_display.o
                0x0000000020000054                index_led
 .bss.state_single_led_blink
                0x0000000020000058        0x1 ./Core/Src/output_display.o
                0x0000000020000058                state_single_led_blink
 *(COMMON)
 *fill*         0x0000000020000059        0x3 
 COMMON         0x000000002000005c        0xd ./Core/Src/fsm_for_input_processing.o
                0x000000002000005c                green_duration
                0x0000000020000060                TIMER_DURATION
                0x0000000020000064                traffic_led_7SEG_2
                0x0000000020000065                traffic_state
                0x0000000020000066                amber_duration
                0x0000000020000067                red_duration
                0x0000000020000068                traffic_led_7SEG_1
 *fill*         0x0000000020000069        0x3 
 COMMON         0x000000002000006c       0x48 ./Core/Src/main.o
                0x000000002000006c                htim2
 COMMON         0x00000000200000b4       0x18 ./Core/Src/software_timer.o
                0x00000000200000b4                timer_hold_button_1_count
                0x00000000200000b8                timer_hold_button_2_flag
                0x00000000200000b9                timer_blink_2Hz_count
                0x00000000200000bc                timer_hold_button_2_count
                0x00000000200000c0                timer_1000ms_count
                0x00000000200000c4                timer_hold_button_1_flag
                0x00000000200000c5                timer_1000ms_flag
                0x00000000200000c8                timer_blink_2Hz_flag
 COMMON         0x00000000200000cc        0x4 ./Drivers/STM32F1xx_HAL_Driver/Src/stm32f1xx_hal.o
                0x00000000200000cc                uwTick
                0x00000000200000d0                . = ALIGN (0x4)
                0x00000000200000d0                _ebss = .
                0x00000000200000d0                __bss_end__ = _ebss

._user_heap_stack
                0x00000000200000d0      0x600 load address 0x00000000080028b0
                0x00000000200000d0                . = ALIGN (0x8)
                [!provide]                        PROVIDE (end = .)
                0x00000000200000d0                PROVIDE (_end = .)
                0x00000000200002d0                . = (. + _Min_Heap_Size)
 *fill*         0x00000000200000d0      0x200 
                0x00000000200006d0                . = (. + _Min_Stack_Size)
 *fill*         0x00000000200002d0      0x400 
                0x00000000200006d0                . = ALIGN (0x8)

/DISCARD/
 libc.a(*)
 libm.a(*)
 libgcc.a(*)

.ARM.attributes
                0x0000000000000000       0x29
 *(.ARM.attributes)
 .ARM.attributes
                0x0000000000000000       0x1d c:/st/stm32cubeide_1.7.0/stm32cubeide/plugins/com.st.stm32cube.ide.mcu.externaltools.gnu-tools-for-stm32.9-2020-q2-update.win32_2.0.0.202105311346/tools/bin/../lib/gcc/arm-none-eabi/9.3.1/thumb/v7-m/nofp/crti.o
 .ARM.attributes
                0x000000000000001d       0x2d c:/st/stm32cubeide_1.7.0/stm32cubeide/plugins/com.st.stm32cube.ide.mcu.externaltools.gnu-tools-for-stm32.9-2020-q2-update.win32_2.0.0.202105311346/tools/bin/../lib/gcc/arm-none-eabi/9.3.1/thumb/v7-m/nofp/crtbegin.o
 .ARM.attributes
                0x000000000000004a       0x2d ./Core/Src/fsm_for_input_processing.o
 .ARM.attributes
                0x0000000000000077       0x2d ./Core/Src/fsm_for_traffic_processing.o
 .ARM.attributes
                0x00000000000000a4       0x2d ./Core/Src/input_reading.o
 .ARM.attributes
                0x00000000000000d1       0x2d ./Core/Src/main.o
 .ARM.attributes
                0x00000000000000fe       0x2d ./Core/Src/output_display.o
 .ARM.attributes
                0x000000000000012b       0x2d ./Core/Src/software_timer.o
 .ARM.attributes
                0x0000000000000158       0x2d ./Core/Src/stm32f1xx_hal_msp.o
 .ARM.attributes
                0x0000000000000185       0x2d ./Core/Src/stm32f1xx_it.o
 .ARM.attributes
                0x00000000000001b2       0x2d ./Core/Src/system_stm32f1xx.o
 .ARM.attributes
                0x00000000000001df       0x21 ./Core/Startup/startup_stm32f103c6tx.o
 .ARM.attributes
                0x0000000000000200       0x2d ./Drivers/STM32F1xx_HAL_Driver/Src/stm32f1xx_hal.o
 .ARM.attributes
                0x000000000000022d       0x2d ./Drivers/STM32F1xx_HAL_Driver/Src/stm32f1xx_hal_cortex.o
 .ARM.attributes
                0x000000000000025a       0x2d ./Drivers/STM32F1xx_HAL_Driver/Src/stm32f1xx_hal_gpio.o
 .ARM.attributes
                0x0000000000000287       0x2d ./Drivers/STM32F1xx_HAL_Driver/Src/stm32f1xx_hal_rcc.o
 .ARM.attributes
                0x00000000000002b4       0x2d ./Drivers/STM32F1xx_HAL_Driver/Src/stm32f1xx_hal_tim.o
 .ARM.attributes
                0x00000000000002e1       0x2d ./Drivers/STM32F1xx_HAL_Driver/Src/stm32f1xx_hal_tim_ex.o
 .ARM.attributes
                0x000000000000030e       0x2d c:/st/stm32cubeide_1.7.0/stm32cubeide/plugins/com.st.stm32cube.ide.mcu.externaltools.gnu-tools-for-stm32.9-2020-q2-update.win32_2.0.0.202105311346/tools/bin/../lib/gcc/arm-none-eabi/9.3.1/../../../../arm-none-eabi/lib/thumb/v7-m/nofp\libc_nano.a(lib_a-init.o)
 .ARM.attributes
                0x000000000000033b       0x2d c:/st/stm32cubeide_1.7.0/stm32cubeide/plugins/com.st.stm32cube.ide.mcu.externaltools.gnu-tools-for-stm32.9-2020-q2-update.win32_2.0.0.202105311346/tools/bin/../lib/gcc/arm-none-eabi/9.3.1/../../../../arm-none-eabi/lib/thumb/v7-m/nofp\libc_nano.a(lib_a-memset.o)
 .ARM.attributes
                0x0000000000000368       0x1d c:/st/stm32cubeide_1.7.0/stm32cubeide/plugins/com.st.stm32cube.ide.mcu.externaltools.gnu-tools-for-stm32.9-2020-q2-update.win32_2.0.0.202105311346/tools/bin/../lib/gcc/arm-none-eabi/9.3.1/thumb/v7-m/nofp/crtn.o
OUTPUT(LAB3_EX.elf elf32-littlearm)
LOAD linker stubs
LOAD c:/st/stm32cubeide_1.7.0/stm32cubeide/plugins/com.st.stm32cube.ide.mcu.externaltools.gnu-tools-for-stm32.9-2020-q2-update.win32_2.0.0.202105311346/tools/bin/../lib/gcc/arm-none-eabi/9.3.1/../../../../arm-none-eabi/lib/thumb/v7-m/nofp\libc.a
LOAD c:/st/stm32cubeide_1.7.0/stm32cubeide/plugins/com.st.stm32cube.ide.mcu.externaltools.gnu-tools-for-stm32.9-2020-q2-update.win32_2.0.0.202105311346/tools/bin/../lib/gcc/arm-none-eabi/9.3.1/../../../../arm-none-eabi/lib/thumb/v7-m/nofp\libm.a
LOAD c:/st/stm32cubeide_1.7.0/stm32cubeide/plugins/com.st.stm32cube.ide.mcu.externaltools.gnu-tools-for-stm32.9-2020-q2-update.win32_2.0.0.202105311346/tools/bin/../lib/gcc/arm-none-eabi/9.3.1/thumb/v7-m/nofp\libgcc.a

.debug_info     0x0000000000000000     0x949d
 .debug_info    0x0000000000000000      0x256 ./Core/Src/fsm_for_input_processing.o
 .debug_info    0x0000000000000256      0x258 ./Core/Src/fsm_for_traffic_processing.o
 .debug_info    0x00000000000004ae      0x353 ./Core/Src/input_reading.o
 .debug_info    0x0000000000000801      0xc21 ./Core/Src/main.o
 .debug_info    0x0000000000001422      0x466 ./Core/Src/output_display.o
 .debug_info    0x0000000000001888      0x320 ./Core/Src/software_timer.o
 .debug_info    0x0000000000001ba8      0xa1b ./Core/Src/stm32f1xx_hal_msp.o
 .debug_info    0x00000000000025c3      0x7cb ./Core/Src/stm32f1xx_it.o
 .debug_info    0x0000000000002d8e      0x2be ./Core/Src/system_stm32f1xx.o
 .debug_info    0x000000000000304c       0x22 ./Core/Startup/startup_stm32f103c6tx.o
 .debug_info    0x000000000000306e      0x74c ./Drivers/STM32F1xx_HAL_Driver/Src/stm32f1xx_hal.o
 .debug_info    0x00000000000037ba      0xbbe ./Drivers/STM32F1xx_HAL_Driver/Src/stm32f1xx_hal_cortex.o
 .debug_info    0x0000000000004378      0x701 ./Drivers/STM32F1xx_HAL_Driver/Src/stm32f1xx_hal_gpio.o
 .debug_info    0x0000000000004a79      0x893 ./Drivers/STM32F1xx_HAL_Driver/Src/stm32f1xx_hal_rcc.o
 .debug_info    0x000000000000530c     0x2c12 ./Drivers/STM32F1xx_HAL_Driver/Src/stm32f1xx_hal_tim.o
 .debug_info    0x0000000000007f1e     0x157f ./Drivers/STM32F1xx_HAL_Driver/Src/stm32f1xx_hal_tim_ex.o

.debug_abbrev   0x0000000000000000     0x1ae2
 .debug_abbrev  0x0000000000000000       0xcb ./Core/Src/fsm_for_input_processing.o
 .debug_abbrev  0x00000000000000cb       0xe1 ./Core/Src/fsm_for_traffic_processing.o
 .debug_abbrev  0x00000000000001ac      0x165 ./Core/Src/input_reading.o
 .debug_abbrev  0x0000000000000311      0x22c ./Core/Src/main.o
 .debug_abbrev  0x000000000000053d      0x1a9 ./Core/Src/output_display.o
 .debug_abbrev  0x00000000000006e6      0x12a ./Core/Src/software_timer.o
 .debug_abbrev  0x0000000000000810      0x1ca ./Core/Src/stm32f1xx_hal_msp.o
 .debug_abbrev  0x00000000000009da      0x189 ./Core/Src/stm32f1xx_it.o
 .debug_abbrev  0x0000000000000b63      0x14e ./Core/Src/system_stm32f1xx.o
 .debug_abbrev  0x0000000000000cb1       0x12 ./Core/Startup/startup_stm32f103c6tx.o
 .debug_abbrev  0x0000000000000cc3      0x1ed ./Drivers/STM32F1xx_HAL_Driver/Src/stm32f1xx_hal.o
 .debug_abbrev  0x0000000000000eb0      0x313 ./Drivers/STM32F1xx_HAL_Driver/Src/stm32f1xx_hal_cortex.o
 .debug_abbrev  0x00000000000011c3      0x1e8 ./Drivers/STM32F1xx_HAL_Driver/Src/stm32f1xx_hal_gpio.o
 .debug_abbrev  0x00000000000013ab      0x273 ./Drivers/STM32F1xx_HAL_Driver/Src/stm32f1xx_hal_rcc.o
 .debug_abbrev  0x000000000000161e      0x25e ./Drivers/STM32F1xx_HAL_Driver/Src/stm32f1xx_hal_tim.o
 .debug_abbrev  0x000000000000187c      0x266 ./Drivers/STM32F1xx_HAL_Driver/Src/stm32f1xx_hal_tim_ex.o

.debug_aranges  0x0000000000000000      0xaa0
 .debug_aranges
                0x0000000000000000       0x30 ./Core/Src/fsm_for_input_processing.o
 .debug_aranges
                0x0000000000000030       0x40 ./Core/Src/fsm_for_traffic_processing.o
 .debug_aranges
                0x0000000000000070       0x30 ./Core/Src/input_reading.o
 .debug_aranges
                0x00000000000000a0       0x48 ./Core/Src/main.o
 .debug_aranges
                0x00000000000000e8       0x70 ./Core/Src/output_display.o
 .debug_aranges
                0x0000000000000158       0x60 ./Core/Src/software_timer.o
 .debug_aranges
                0x00000000000001b8       0x30 ./Core/Src/stm32f1xx_hal_msp.o
 .debug_aranges
                0x00000000000001e8       0x68 ./Core/Src/stm32f1xx_it.o
 .debug_aranges
                0x0000000000000250       0x28 ./Core/Src/system_stm32f1xx.o
 .debug_aranges
                0x0000000000000278       0x28 ./Core/Startup/startup_stm32f103c6tx.o
 .debug_aranges
                0x00000000000002a0       0xe0 ./Drivers/STM32F1xx_HAL_Driver/Src/stm32f1xx_hal.o
 .debug_aranges
                0x0000000000000380      0x100 ./Drivers/STM32F1xx_HAL_Driver/Src/stm32f1xx_hal_cortex.o
 .debug_aranges
                0x0000000000000480       0x58 ./Drivers/STM32F1xx_HAL_Driver/Src/stm32f1xx_hal_gpio.o
 .debug_aranges
                0x00000000000004d8       0x90 ./Drivers/STM32F1xx_HAL_Driver/Src/stm32f1xx_hal_rcc.o
 .debug_aranges
                0x0000000000000568      0x3d0 ./Drivers/STM32F1xx_HAL_Driver/Src/stm32f1xx_hal_tim.o
 .debug_aranges
                0x0000000000000938      0x168 ./Drivers/STM32F1xx_HAL_Driver/Src/stm32f1xx_hal_tim_ex.o

.debug_ranges   0x0000000000000000      0x9a8
 .debug_ranges  0x0000000000000000       0x20 ./Core/Src/fsm_for_input_processing.o
 .debug_ranges  0x0000000000000020       0x30 ./Core/Src/fsm_for_traffic_processing.o
 .debug_ranges  0x0000000000000050       0x20 ./Core/Src/input_reading.o
 .debug_ranges  0x0000000000000070       0x38 ./Core/Src/main.o
 .debug_ranges  0x00000000000000a8       0x60 ./Core/Src/output_display.o
 .debug_ranges  0x0000000000000108       0x50 ./Core/Src/software_timer.o
 .debug_ranges  0x0000000000000158       0x20 ./Core/Src/stm32f1xx_hal_msp.o
 .debug_ranges  0x0000000000000178       0x58 ./Core/Src/stm32f1xx_it.o
 .debug_ranges  0x00000000000001d0       0x18 ./Core/Src/system_stm32f1xx.o
 .debug_ranges  0x00000000000001e8       0x20 ./Core/Startup/startup_stm32f103c6tx.o
 .debug_ranges  0x0000000000000208       0xd0 ./Drivers/STM32F1xx_HAL_Driver/Src/stm32f1xx_hal.o
 .debug_ranges  0x00000000000002d8       0xf0 ./Drivers/STM32F1xx_HAL_Driver/Src/stm32f1xx_hal_cortex.o
 .debug_ranges  0x00000000000003c8       0x48 ./Drivers/STM32F1xx_HAL_Driver/Src/stm32f1xx_hal_gpio.o
 .debug_ranges  0x0000000000000410       0x80 ./Drivers/STM32F1xx_HAL_Driver/Src/stm32f1xx_hal_rcc.o
 .debug_ranges  0x0000000000000490      0x3c0 ./Drivers/STM32F1xx_HAL_Driver/Src/stm32f1xx_hal_tim.o
 .debug_ranges  0x0000000000000850      0x158 ./Drivers/STM32F1xx_HAL_Driver/Src/stm32f1xx_hal_tim_ex.o

.debug_macro    0x0000000000000000    0x16cd1
 .debug_macro   0x0000000000000000      0x1ec ./Core/Src/fsm_for_input_processing.o
 .debug_macro   0x00000000000001ec      0xa9c ./Core/Src/fsm_for_input_processing.o
 .debug_macro   0x0000000000000c88      0x215 ./Core/Src/fsm_for_input_processing.o
 .debug_macro   0x0000000000000e9d       0x2e ./Core/Src/fsm_for_input_processing.o
 .debug_macro   0x0000000000000ecb       0x22 ./Core/Src/fsm_for_input_processing.o
 .debug_macro   0x0000000000000eed       0x22 ./Core/Src/fsm_for_input_processing.o
 .debug_macro   0x0000000000000f0f       0x8e ./Core/Src/fsm_for_input_processing.o
 .debug_macro   0x0000000000000f9d       0x51 ./Core/Src/fsm_for_input_processing.o
 .debug_macro   0x0000000000000fee      0x103 ./Core/Src/fsm_for_input_processing.o
 .debug_macro   0x00000000000010f1       0x6a ./Core/Src/fsm_for_input_processing.o
 .debug_macro   0x000000000000115b      0x1df ./Core/Src/fsm_for_input_processing.o
 .debug_macro   0x000000000000133a       0x1c ./Core/Src/fsm_for_input_processing.o
 .debug_macro   0x0000000000001356       0x22 ./Core/Src/fsm_for_input_processing.o
 .debug_macro   0x0000000000001378       0xc3 ./Core/Src/fsm_for_input_processing.o
 .debug_macro   0x000000000000143b      0xd23 ./Core/Src/fsm_for_input_processing.o
 .debug_macro   0x000000000000215e     0xde75 ./Core/Src/fsm_for_input_processing.o
 .debug_macro   0x000000000000ffd3       0x6d ./Core/Src/fsm_for_input_processing.o
 .debug_macro   0x0000000000010040     0x348d ./Core/Src/fsm_for_input_processing.o
 .debug_macro   0x00000000000134cd      0x174 ./Core/Src/fsm_for_input_processing.o
 .debug_macro   0x0000000000013641       0x5c ./Core/Src/fsm_for_input_processing.o
 .debug_macro   0x000000000001369d      0x5bc ./Core/Src/fsm_for_input_processing.o
 .debug_macro   0x0000000000013c59      0x1b7 ./Core/Src/fsm_for_input_processing.o
 .debug_macro   0x0000000000013e10      0x1cb ./Core/Src/fsm_for_input_processing.o
 .debug_macro   0x0000000000013fdb      0x114 ./Core/Src/fsm_for_input_processing.o
 .debug_macro   0x00000000000140ef      0x1b2 ./Core/Src/fsm_for_input_processing.o
 .debug_macro   0x00000000000142a1       0x27 ./Core/Src/fsm_for_input_processing.o
 .debug_macro   0x00000000000142c8      0x12f ./Core/Src/fsm_for_input_processing.o
 .debug_macro   0x00000000000143f7      0x1bc ./Core/Src/fsm_for_input_processing.o
 .debug_macro   0x00000000000145b3       0x34 ./Core/Src/fsm_for_input_processing.o
 .debug_macro   0x00000000000145e7       0x3c ./Core/Src/fsm_for_input_processing.o
 .debug_macro   0x0000000000014623       0x57 ./Core/Src/fsm_for_input_processing.o
 .debug_macro   0x000000000001467a       0x87 ./Core/Src/fsm_for_input_processing.o
 .debug_macro   0x0000000000014701      0x183 ./Core/Src/fsm_for_input_processing.o
 .debug_macro   0x0000000000014884      0x140 ./Core/Src/fsm_for_input_processing.o
 .debug_macro   0x00000000000149c4      0x8ed ./Core/Src/fsm_for_input_processing.o
 .debug_macro   0x00000000000152b1       0x69 ./Core/Src/fsm_for_input_processing.o
 .debug_macro   0x000000000001531a      0x100 ./Core/Src/fsm_for_input_processing.o
 .debug_macro   0x000000000001541a       0x10 ./Core/Src/fsm_for_input_processing.o
 .debug_macro   0x000000000001542a       0x34 ./Core/Src/fsm_for_input_processing.o
 .debug_macro   0x000000000001545e      0x1e2 ./Core/Src/fsm_for_traffic_processing.o
 .debug_macro   0x0000000000015640      0x1cb ./Core/Src/input_reading.o
 .debug_macro   0x000000000001580b      0x1e4 ./Core/Src/main.o
 .debug_macro   0x00000000000159ef      0x1c7 ./Core/Src/output_display.o
 .debug_macro   0x0000000000015bb6       0x3a ./Core/Src/output_display.o
 .debug_macro   0x0000000000015bf0      0x1b4 ./Core/Src/software_timer.o
 .debug_macro   0x0000000000015da4      0x1b0 ./Core/Src/stm32f1xx_hal_msp.o
 .debug_macro   0x0000000000015f54      0x1ba ./Core/Src/stm32f1xx_it.o
 .debug_macro   0x000000000001610e      0x197 ./Core/Src/system_stm32f1xx.o
 .debug_macro   0x00000000000162a5      0x1bb ./Drivers/STM32F1xx_HAL_Driver/Src/stm32f1xx_hal.o
 .debug_macro   0x0000000000016460      0x197 ./Drivers/STM32F1xx_HAL_Driver/Src/stm32f1xx_hal_cortex.o
 .debug_macro   0x00000000000165f7      0x202 ./Drivers/STM32F1xx_HAL_Driver/Src/stm32f1xx_hal_gpio.o
 .debug_macro   0x00000000000167f9      0x1a9 ./Drivers/STM32F1xx_HAL_Driver/Src/stm32f1xx_hal_rcc.o
 .debug_macro   0x00000000000169a2      0x198 ./Drivers/STM32F1xx_HAL_Driver/Src/stm32f1xx_hal_tim.o
 .debug_macro   0x0000000000016b3a      0x197 ./Drivers/STM32F1xx_HAL_Driver/Src/stm32f1xx_hal_tim_ex.o

.debug_line     0x0000000000000000     0xba2b
 .debug_line    0x0000000000000000      0x7df ./Core/Src/fsm_for_input_processing.o
 .debug_line    0x00000000000007df      0x765 ./Core/Src/fsm_for_traffic_processing.o
 .debug_line    0x0000000000000f44      0x734 ./Core/Src/input_reading.o
 .debug_line    0x0000000000001678      0x833 ./Core/Src/main.o
 .debug_line    0x0000000000001eab      0x885 ./Core/Src/output_display.o
 .debug_line    0x0000000000002730      0x757 ./Core/Src/software_timer.o
 .debug_line    0x0000000000002e87      0x6b5 ./Core/Src/stm32f1xx_hal_msp.o
 .debug_line    0x000000000000353c      0x753 ./Core/Src/stm32f1xx_it.o
 .debug_line    0x0000000000003c8f      0x6e3 ./Core/Src/system_stm32f1xx.o
 .debug_line    0x0000000000004372       0x86 ./Core/Startup/startup_stm32f103c6tx.o
 .debug_line    0x00000000000043f8      0x910 ./Drivers/STM32F1xx_HAL_Driver/Src/stm32f1xx_hal.o
 .debug_line    0x0000000000004d08      0xaf8 ./Drivers/STM32F1xx_HAL_Driver/Src/stm32f1xx_hal_cortex.o
 .debug_line    0x0000000000005800      0x993 ./Drivers/STM32F1xx_HAL_Driver/Src/stm32f1xx_hal_gpio.o
 .debug_line    0x0000000000006193      0xd1c ./Drivers/STM32F1xx_HAL_Driver/Src/stm32f1xx_hal_rcc.o
 .debug_line    0x0000000000006eaf     0x3346 ./Drivers/STM32F1xx_HAL_Driver/Src/stm32f1xx_hal_tim.o
 .debug_line    0x000000000000a1f5     0x1836 ./Drivers/STM32F1xx_HAL_Driver/Src/stm32f1xx_hal_tim_ex.o

.debug_str      0x0000000000000000    0x82685
 .debug_str     0x0000000000000000    0x7f8a6 ./Core/Src/fsm_for_input_processing.o
                                      0x7fbe1 (size before relaxing)
 .debug_str     0x000000000007f8a6       0xd6 ./Core/Src/fsm_for_traffic_processing.o
                                      0x7fbcb (size before relaxing)
 .debug_str     0x000000000007f97c      0x162 ./Core/Src/input_reading.o
                                      0x7fbc7 (size before relaxing)
 .debug_str     0x000000000007fade      0x6fe ./Core/Src/main.o
                                      0x8030b (size before relaxing)
 .debug_str     0x00000000000801dc      0x133 ./Core/Src/output_display.o
                                      0x7fc66 (size before relaxing)
 .debug_str     0x000000000008030f      0x142 ./Core/Src/software_timer.o
                                      0x7fbbe (size before relaxing)
 .debug_str     0x0000000000080451      0x2ba ./Core/Src/stm32f1xx_hal_msp.o
                                      0x8023f (size before relaxing)
 .debug_str     0x000000000008070b       0xcd ./Core/Src/stm32f1xx_it.o
                                      0x7ffa1 (size before relaxing)
 .debug_str     0x00000000000807d8       0x52 ./Core/Src/system_stm32f1xx.o
                                      0x7f6dd (size before relaxing)
 .debug_str     0x000000000008082a       0x36 ./Core/Startup/startup_stm32f103c6tx.o
                                         0x6c (size before relaxing)
 .debug_str     0x0000000000080860      0x304 ./Drivers/STM32F1xx_HAL_Driver/Src/stm32f1xx_hal.o
                                      0x7fd34 (size before relaxing)
 .debug_str     0x0000000000080b64      0x300 ./Drivers/STM32F1xx_HAL_Driver/Src/stm32f1xx_hal_cortex.o
                                      0x7fd3c (size before relaxing)
 .debug_str     0x0000000000080e64      0x316 ./Drivers/STM32F1xx_HAL_Driver/Src/stm32f1xx_hal_gpio.o
                                      0x7faa1 (size before relaxing)
 .debug_str     0x000000000008117a      0x24f ./Drivers/STM32F1xx_HAL_Driver/Src/stm32f1xx_hal_rcc.o
                                      0x7fada (size before relaxing)
 .debug_str     0x00000000000813c9      0xdce ./Drivers/STM32F1xx_HAL_Driver/Src/stm32f1xx_hal_tim.o
                                      0x80ab3 (size before relaxing)
 .debug_str     0x0000000000082197      0x4ee ./Drivers/STM32F1xx_HAL_Driver/Src/stm32f1xx_hal_tim_ex.o
                                      0x80264 (size before relaxing)

.comment        0x0000000000000000       0x53
 .comment       0x0000000000000000       0x53 ./Core/Src/fsm_for_input_processing.o
                                         0x54 (size before relaxing)
 .comment       0x0000000000000053       0x54 ./Core/Src/fsm_for_traffic_processing.o
 .comment       0x0000000000000053       0x54 ./Core/Src/input_reading.o
 .comment       0x0000000000000053       0x54 ./Core/Src/main.o
 .comment       0x0000000000000053       0x54 ./Core/Src/output_display.o
 .comment       0x0000000000000053       0x54 ./Core/Src/software_timer.o
 .comment       0x0000000000000053       0x54 ./Core/Src/stm32f1xx_hal_msp.o
 .comment       0x0000000000000053       0x54 ./Core/Src/stm32f1xx_it.o
 .comment       0x0000000000000053       0x54 ./Core/Src/system_stm32f1xx.o
 .comment       0x0000000000000053       0x54 ./Drivers/STM32F1xx_HAL_Driver/Src/stm32f1xx_hal.o
 .comment       0x0000000000000053       0x54 ./Drivers/STM32F1xx_HAL_Driver/Src/stm32f1xx_hal_cortex.o
 .comment       0x0000000000000053       0x54 ./Drivers/STM32F1xx_HAL_Driver/Src/stm32f1xx_hal_gpio.o
 .comment       0x0000000000000053       0x54 ./Drivers/STM32F1xx_HAL_Driver/Src/stm32f1xx_hal_rcc.o
 .comment       0x0000000000000053       0x54 ./Drivers/STM32F1xx_HAL_Driver/Src/stm32f1xx_hal_tim.o
 .comment       0x0000000000000053       0x54 ./Drivers/STM32F1xx_HAL_Driver/Src/stm32f1xx_hal_tim_ex.o

.debug_frame    0x0000000000000000     0x2a10
 .debug_frame   0x0000000000000000       0x64 ./Core/Src/fsm_for_input_processing.o
 .debug_frame   0x0000000000000064       0xa8 ./Core/Src/fsm_for_traffic_processing.o
 .debug_frame   0x000000000000010c       0x88 ./Core/Src/input_reading.o
 .debug_frame   0x0000000000000194       0xd4 ./Core/Src/main.o
 .debug_frame   0x0000000000000268      0x164 ./Core/Src/output_display.o
 .debug_frame   0x00000000000003cc      0x150 ./Core/Src/software_timer.o
 .debug_frame   0x000000000000051c       0x80 ./Core/Src/stm32f1xx_hal_msp.o
 .debug_frame   0x000000000000059c      0x120 ./Core/Src/stm32f1xx_it.o
 .debug_frame   0x00000000000006bc       0x58 ./Core/Src/system_stm32f1xx.o
 .debug_frame   0x0000000000000714      0x334 ./Drivers/STM32F1xx_HAL_Driver/Src/stm32f1xx_hal.o
 .debug_frame   0x0000000000000a48      0x428 ./Drivers/STM32F1xx_HAL_Driver/Src/stm32f1xx_hal_cortex.o
 .debug_frame   0x0000000000000e70      0x14c ./Drivers/STM32F1xx_HAL_Driver/Src/stm32f1xx_hal_gpio.o
 .debug_frame   0x0000000000000fbc      0x218 ./Drivers/STM32F1xx_HAL_Driver/Src/stm32f1xx_hal_rcc.o
 .debug_frame   0x00000000000011d4     0x11b8 ./Drivers/STM32F1xx_HAL_Driver/Src/stm32f1xx_hal_tim.o
 .debug_frame   0x000000000000238c      0x638 ./Drivers/STM32F1xx_HAL_Driver/Src/stm32f1xx_hal_tim_ex.o
 .debug_frame   0x00000000000029c4       0x2c c:/st/stm32cubeide_1.7.0/stm32cubeide/plugins/com.st.stm32cube.ide.mcu.externaltools.gnu-tools-for-stm32.9-2020-q2-update.win32_2.0.0.202105311346/tools/bin/../lib/gcc/arm-none-eabi/9.3.1/../../../../arm-none-eabi/lib/thumb/v7-m/nofp\libc_nano.a(lib_a-init.o)
 .debug_frame   0x00000000000029f0       0x20 c:/st/stm32cubeide_1.7.0/stm32cubeide/plugins/com.st.stm32cube.ide.mcu.externaltools.gnu-tools-for-stm32.9-2020-q2-update.win32_2.0.0.202105311346/tools/bin/../lib/gcc/arm-none-eabi/9.3.1/../../../../arm-none-eabi/lib/thumb/v7-m/nofp\libc_nano.a(lib_a-memset.o)
